{
  "id": "bundleID",
  "name": "bundleName",
  "description": "bundleDescription",
  "tags": [
    "awesome-tag"
  ],
  "bindable": true,
  "plans": [
    {
      "id": "planID1",
      "name": "plan1Name",
      "description": "plan1Description",
      "bindable": true,
      "metadata": {
        "displayName": "displayName-1"
      },
      "schemas": {
        "service_instance": {
          "create": {
            "parameters": {
              "$schema": "http://json-schema.org/draft-04/schema#",
              "type": "string",
              "title": "ProvisionSchema"
            }
          },
          "update": {
            "parameters": {
              "$schema": "http://json-schema.org/draft-04/schema#",
              "type": "string",
              "title": "UpdateSchema"
            }
          }
        },
        "service_binding": {
          "create": {
            "parameters": {
              "$schema": "http://json-schema.org/draft-04/schema#",
              "type": "string",
              "title": "BindSchema"
            }
          }
        }
      }
    },
    {
      "id": "planID2",
      "name": "plan2Name",
      "description": "plan2Description",
      "bindable": true,
      "metadata": {
        "displayName": ""
      }
    }
  ],
  "metadata": {
    "displayName": "DisplayName",
    "documentationUrl": "DocumentationURL",
    "imageUrl": "ImageURL",
    "labels": {
      "local": "true",
      "testing": "true"
    },
    "longDescription": "LongDescription",
    "providerDisplayName": "ProviderDisplayName",
    "supportUrl": "SupportURL"
  }
}
